Microchip MPLAB XC8 Compiler V2.46

Linker command line:

-W-3 \
  --edf=C:\Program Files\Microchip\xc8\v2.46\pic\dat\20240104201356_en.msgs \
  -cn \
  -h+dist/default/debug\Password_Based_Door_Lock_System_I2C_LCD.X_-_Copy.debug.sym \
  --cmf=dist/default/debug\Password_Based_Door_Lock_System_I2C_LCD.X_-_Copy.debug.cmf \
  -z -Q18F4580 -oC:\Users\Dell\AppData\Local\Temp\xcAserc.\driver_tmp_3.o \
  --defsym=__MPLAB_BUILD=1 --fixupoverflow=error \
  -Mdist/default/debug/Password_Based_Door_Lock_System_I2C_LCD.X_-_Copy.debug.map \
  --md=C:\Users\Dell\AppData\Local\Temp\xcAserc.\driver_tmp_0.dat -E1 \
  -ver=XC8 Compiler --acfsm=1493 -ACODE=00h-07FFFh -ACONST=00h-07FFFh \
  -ASMALLCONST=0600h-06FFhx122 -AMEDIUMCONST=0600h-07FFFh -ACOMRAM=01h-05Fh \
  -AABS1=00h-05FFh -ABIGRAM=01h-05FFh -ARAM=060h-0FFh,0100h-01FFhx5 \
  -ABANK0=060h-0FFh -ABANK1=0100h-01FFh -ABANK2=0200h-02FFh \
  -ABANK3=0300h-03FFh -ABANK4=0400h-04FFh -ABANK5=0500h-05FFh \
  -ASFR=0D00h-0DFFhx2,0F00h-0F5Fh,0F60h-0FFFh -ABIGSFR=0D00h-0FFFh \
  -ACONFIG=0300000h-030000Dh -AIDLOC=0200000h-0200007h \
  -AEEDATA=0F00000h-0F000FFh -peeprom_data=EEDATA \
  -preset_vec=00h,intcode,sivt_hi,intcodelo,sivt_lo,powerup,init \
  -pramtop=0600h -psmallconst=SMALLCONST -pmediumconst=MEDIUMCONST \
  -pconst=CONST -AFARRAM=00h-00h \
  -prdata=COMRAM,nvrram=COMRAM,nvbit=COMRAM,rbss=COMRAM,rbit=COMRAM \
  -pfarbss=FARRAM,fardata=FARRAM,nvFARRAM=FARRAM \
  -pintsave_regs=BIGRAM,bigbss=BIGRAM,bigdata=BIGRAM -pbss=RAM \
  -pidata=CODE,irdata=CODE,ibigdata=CODE,ifardata=CODE -prparam=COMRAM \
  C:\Users\Dell\AppData\Local\Temp\xcAserc.\driver_tmp_14.o \
  dist/default/debug\Password_Based_Door_Lock_System_I2C_LCD.X_-_Copy.debug.o 

Object code version is 3.11

Machine type is 18F4580



                Name                               Link     Load   Length Selector   Space Scale
C:\Users\Dell\AppData\Local\Temp\xcAserc.\driver_tmp_14.o
                init                                  0        0        4        0       0
dist/default/debug\Password_Based_Door_Lock_System_I2C_LCD.X_-_Copy.debug.o
                smallconst                          600      600        C      300       0
                text41                             1DBA     1DBA       10      CB5       0
                text40                             1DE8     1DE8        6      CB5       0
                text39                             1DA6     1DA6       14      CB5       0
                text38                             19CC     19CC       5A      CB5       0
                text37                             1CF4     1CF4       2E      CB5       0
                text36                             1D4A     1D4A       22      CB5       0
                text35                             1CC6     1CC6       2E      CB5       0
                text34                             1D8C     1D8C       1A      CB5       0
                text33                             1A7E     1A7E       52      CB5       0
                text32                             1BA8     1BA8       44      CB5       0
                text31                             139C     139C       D6      306       0
                text30                             12C6     12C6       D6      306       0
                text29                             11F0     11F0       D6      306       0
                text28                             1544     1544       D2      306       0
                text27                             1A26     1A26       58      CB5       0
                text26                             1B64     1B64       44      CB5       0
                text25                             1DE2     1DE2        6      CB5       0
                text24                             1DDC     1DDC        6      CB5       0
                text23                             1DD6     1DD6        6      CB5       0
                text22                             1AD0     1AD0       4C      CB5       0
                text21                             1C98     1C98       2E      CB5       0
                text20                             1786     1786       B6      306       0
                text19                             16D0     16D0       B6      306       0
                text18                              9AC      9AC      178      306       0
                text17                             1D6C     1D6C       20      CB5       0
                text16                              E62      E62      10C      306       0
                text15                             1C2A     1C2A       3A      CB5       0
                text14                             111A     111A       D6      306       0
                text13                             1044     1044       D6      306       0
                text12                              F6E      F6E       D6      306       0
                text11                             1472     1472       D2      306       0
                text10                             1B1C     1B1C       48      CB5       0
                text9                               B24      B24      11E      306       0
                text8                              1DEE     1DEE        2      CB5       0
                text7                              183C     183C       AA      306       0
                text6                              1616     1616       BA      306       0
                text5                              1BEC     1BEC       3E      CB5       0
                text4                              1C64     1C64       34      CB5       0
                text3                               D56      D56      10C      306       0
                text2                               C42      C42      114      306       0
                text1                               60C      60C      3A0      306       0
                text0                              1DCA     1DCA        C      CB5       0
                cstackCOMRAM                         29       29       27        1       1
                bssBANK1                            100      100       20      100       1
                dataBANK0                            60       60       83       60       1
                dataCOMRAM                            1        1       28        1       1
                bssCOMRAM                            50       50        E        1       1
                cinit                              196A     196A       62      CB5       0
                idataBANK0                         18E6     18E6       83      306       0
                idataCOMRAM                        1D22     1D22       28      CB5       0

TOTAL           Name                               Link     Load   Length     Space
        CLASS   CODE           
                init                                  0        0        4         0
                text41                             1DBA     1DBA       10         0
                text40                             1DE8     1DE8        6         0
                text39                             1DA6     1DA6       14         0
                text38                             19CC     19CC       5A         0
                text37                             1CF4     1CF4       2E         0
                text36                             1D4A     1D4A       22         0
                text35                             1CC6     1CC6       2E         0
                text34                             1D8C     1D8C       1A         0
                text33                             1A7E     1A7E       52         0
                text32                             1BA8     1BA8       44         0
                text31                             139C     139C       D6         0
                text30                             12C6     12C6       D6         0
                text29                             11F0     11F0       D6         0
                text28                             1544     1544       D2         0
                text27                             1A26     1A26       58         0
                text26                             1B64     1B64       44         0
                text25                             1DE2     1DE2        6         0
                text24                             1DDC     1DDC        6         0
                text23                             1DD6     1DD6        6         0
                text22                             1AD0     1AD0       4C         0
                text21                             1C98     1C98       2E         0
                text20                             1786     1786       B6         0
                text19                             16D0     16D0       B6         0
                text18                              9AC      9AC      178         0
                text17                             1D6C     1D6C       20         0
                text16                              E62      E62      10C         0
                text15                             1C2A     1C2A       3A         0
                text14                             111A     111A       D6         0
                text13                             1044     1044       D6         0
                text12                              F6E      F6E       D6         0
                text11                             1472     1472       D2         0
                text10                             1B1C     1B1C       48         0
                text9                               B24      B24      11E         0
                text8                              1DEE     1DEE        2         0
                text7                              183C     183C       AA         0
                text6                              1616     1616       BA         0
                text5                              1BEC     1BEC       3E         0
                text4                              1C64     1C64       34         0
                text3                               D56      D56      10C         0
                text2                               C42      C42      114         0
                text1                               60C      60C      3A0         0
                text0                              1DCA     1DCA        C         0
                cinit                              196A     196A       62         0
                idataBANK0                         18E6     18E6       83         0
                idataCOMRAM                        1D22     1D22       28         0

        CLASS   CONST          

        CLASS   SMALLCONST     
                smallconst                          600      600        C         0

        CLASS   MEDIUMCONST    

        CLASS   COMRAM         
                cstackCOMRAM                         29       29       27         1
                dataCOMRAM                            1        1       28         1
                bssCOMRAM                            50       50        E         1

        CLASS   ABS1           

        CLASS   BIGRAM         

        CLASS   RAM            

        CLASS   BANK0          
                dataBANK0                            60       60       83         1

        CLASS   BANK1          
                bssBANK1                            100      100       20         1

        CLASS   BANK2          

        CLASS   BANK3          

        CLASS   BANK4          

        CLASS   BANK5          

        CLASS   SFR            

        CLASS   BIGSFR         

        CLASS   CONFIG         

        CLASS   IDLOC          

        CLASS   EEDATA         

        CLASS   FARRAM         

        CLASS   HEAP           

        CLASS   STACK          



SEGMENTS        Name                           Load    Length   Top    Selector   Space  Class

                reset_vec                      000000  000004  000004         0       0  CODE    
                dataCOMRAM                     000001  00005D  00005E         1       1  COMRAM  
                dataBANK0                      000060  000083  0000E3        60       1  BANK0   
                bssBANK1                       000100  000020  000120       100       1  BANK1   
                smallconst                     000600  00000C  00060C       300       0  SMALLCON
                text1                          00060C  00135D  001969       306       0  CODE    
                cinit                          00196A  000486  001DF0       CB5       0  CODE    


UNUSED ADDRESS RANGES

        Name                Unused          Largest block    Delta
        BANK0            00E3-00FF             1D
        BANK1            0120-01FF             E0
        BANK2            0200-02FF            100
        BANK3            0300-03FF            100
        BANK4            0400-04FF            100
        BANK5            0500-05FF            100
        BIGRAM           005E-005F              2
                         00E3-00FF             1D
                         0120-05FF            4E0
        BIGSFR           0D00-0FFF            300
        CODE             0004-05FF            5FC
                         1969-1969              1
                         1DF0-7FFF           6210
        COMRAM           005E-005F              2
        CONFIG           300000-30000D              E
        CONST            0004-05FF            5FC
                         1969-1969              1
                         1DF0-7FFF           6210
        EEDATA           F00000-F000FF            100
        IDLOC            200000-200007              8
        MEDIUMCONST      1969-1969              1
                         1DF0-7FFF           6210
        RAM              00E3-00FF             1D
                         0120-05FF            100
        SFR              0D00-0FFF            100
        SMALLCONST       1969-1969              1
                         1DF0-7FFF            100

                                  Symbol Table

?_sprintf                     cstackCOMRAM 0039
?_strchr                      cstackCOMRAM 0029
?_strlen                      cstackCOMRAM 0029
?_strncmp                     cstackCOMRAM 0029
?_strstr                      cstackCOMRAM 0030
?_user_validation             cstackCOMRAM 0036
?_vfprintf                    cstackCOMRAM 0035
I2C_Start@slave_write_address cstackCOMRAM 002A
I2C_Write@data                cstackCOMRAM 0029
_ADCON1                       (abs)        0FC1
_EEADR                        (abs)        0FA9
_EECON1bits                   (abs)        0FA6
_EECON2                       (abs)        0FA7
_EEDATA                       (abs)        0FA8
_I2C_Init                     text39       1DA6
_I2C_Ready                    text37       1CF4
_I2C_Start                    text35       1CC6
_I2C_Stop                     text34       1D8C
_I2C_Write                    text36       1D4A
_INTCON2bits                  (abs)        0FF1
_PIR1bits                     (abs)        0F9E
_PIR2bits                     (abs)        0FA1
_PORTBbits                    (abs)        0F81
_PORTDbits                    (abs)        0F83
_SSPADD                       (abs)        0FC8
_SSPBUF                       (abs)        0FC9
_SSPCON1                      (abs)        0FC6
_SSPCON2                      (abs)        0FC5
_SSPCON2bits                  (abs)        0FC5
_SSPSTAT                      (abs)        0FC7
_SSPSTATbits                  (abs)        0FC7
_TRISB                        (abs)        0F93
_TRISD                        (abs)        0F95
__HRAM                        (abs)        0000
__H__absolute__               __absolute__ 0000
__Habs1                       abs1         0000
__Hbank0                      bank0        0000
__Hbank1                      bank1        0000
__Hbank2                      bank2        0000
__Hbank3                      bank3        0000
__Hbank4                      bank4        0000
__Hbank5                      bank5        0000
__Hbigbss                     bigbss       0000
__Hbigdata                    bigdata      0000
__Hbigram                     bigram       0000
__Hbigsfr                     bigsfr       0000
__Hbss                        bss          0000
__HbssBANK1                   bssBANK1     0000
__HbssCOMRAM                  bssCOMRAM    0000
__Hcinit                      cinit        0000
__Hclrtext                    clrtext      0000
__Hcomram                     comram       0000
__Hconfig                     config       0000
__Hconst                      const        0000
__HcstackCOMRAM               cstackCOMRAM 0000
__Hdata                       data         0000
__HdataBANK0                  dataBANK0    0000
__HdataCOMRAM                 dataCOMRAM   0000
__Heeprom_data                eeprom_data  0000
__Hfarbss                     farbss       0000
__Hfardata                    fardata      0000
__Hheap                       heap         0000
__Hibigdata                   ibigdata     0000
__Hidata                      idata        0000
__HidataBANK0                 idataBANK0   0000
__HidataCOMRAM                idataCOMRAM  0000
__Hidloc                      idloc        0000
__Hifardata                   ifardata     0000
__Hinit                       init         0004
__Hintcode                    intcode      0000
__Hintcode_body               intcode_body 0000
__Hintcodelo                  intcodelo    0000
__Hintentry                   intentry     0000
__Hintret                     intret       0000
__Hintsave_regs               intsave_regs 0000
__Hirdata                     irdata       0000
__Hmediumconst                mediumconst  0000
__HnvFARRAM                   nvFARRAM     0000
__Hnvbit                      nvbit        0000
__Hnvrram                     nvrram       0000
__Hparam                      rparam       0000
__Hpowerup                    powerup      0000
__Hram                        ram          0000
__Hramtop                     ramtop       0600
__Hrbit                       rbit         0000
__Hrbss                       rbss         0000
__Hrdata                      rdata        0000
__Hreset_vec                  reset_vec    0000
__Hrparam                     rparam       0000
__Hsfr                        sfr          0000
__Hsivt_hi                    sivt_hi      0000
__Hsivt_lo                    sivt_lo      0000
__Hsmallconst                 smallconst   060C
__Hspace_0                    (abs)        1DF0
__Hspace_1                    (abs)        0120
__Hspace_2                    (abs)        0000
__Hspace_4                    (abs)        0000
__Hstack                      stack        0000
__Hstruct                     struct       0000
__Htemp                       temp         0000
__Htext                       text         0000
__Htext0                      text0        0000
__Htext1                      text1        0000
__Htext10                     text10       0000
__Htext11                     text11       0000
__Htext12                     text12       0000
__Htext13                     text13       0000
__Htext14                     text14       0000
__Htext15                     text15       0000
__Htext16                     text16       0000
__Htext17                     text17       0000
__Htext18                     text18       0000
__Htext19                     text19       0000
__Htext2                      text2        0000
__Htext20                     text20       0000
__Htext21                     text21       0000
__Htext22                     text22       0000
__Htext23                     text23       0000
__Htext24                     text24       0000
__Htext25                     text25       0000
__Htext26                     text26       0000
__Htext27                     text27       0000
__Htext28                     text28       0000
__Htext29                     text29       0000
__Htext3                      text3        0000
__Htext30                     text30       0000
__Htext31                     text31       0000
__Htext32                     text32       0000
__Htext33                     text33       0000
__Htext34                     text34       0000
__Htext35                     text35       0000
__Htext36                     text36       0000
__Htext37                     text37       0000
__Htext38                     text38       0000
__Htext39                     text39       0000
__Htext4                      text4        0000
__Htext40                     text40       0000
__Htext41                     text41       0000
__Htext5                      text5        0000
__Htext6                      text6        0000
__Htext7                      text7        0000
__Htext8                      text8        0000
__Htext9                      text9        0000
__LRAM                        (abs)        0001
__L__absolute__               __absolute__ 0000
__Labs1                       abs1         0000
__Lbank0                      bank0        0000
__Lbank1                      bank1        0000
__Lbank2                      bank2        0000
__Lbank3                      bank3        0000
__Lbank4                      bank4        0000
__Lbank5                      bank5        0000
__Lbigbss                     bigbss       0000
__Lbigdata                    bigdata      0000
__Lbigram                     bigram       0000
__Lbigsfr                     bigsfr       0000
__Lbss                        bss          0000
__LbssBANK1                   bssBANK1     0000
__LbssCOMRAM                  bssCOMRAM    0000
__Lcinit                      cinit        0000
__Lclrtext                    clrtext      0000
__Lcomram                     comram       0000
__Lconfig                     config       0000
__Lconst                      const        0000
__LcstackCOMRAM               cstackCOMRAM 0000
__Ldata                       data         0000
__LdataBANK0                  dataBANK0    0000
__LdataCOMRAM                 dataCOMRAM   0000
__Leeprom_data                eeprom_data  0000
__Lfarbss                     farbss       0000
__Lfardata                    fardata      0000
__Lheap                       heap         0000
__Libigdata                   ibigdata     0000
__Lidata                      idata        0000
__LidataBANK0                 idataBANK0   0000
__LidataCOMRAM                idataCOMRAM  0000
__Lidloc                      idloc        0000
__Lifardata                   ifardata     0000
__Linit                       init         0000
__Lintcode                    intcode      0000
__Lintcode_body               intcode_body 0000
__Lintcodelo                  intcodelo    0000
__Lintentry                   intentry     0000
__Lintret                     intret       0000
__Lintsave_regs               intsave_regs 0000
__Lirdata                     irdata       0000
__Lmediumconst                mediumconst  0000
__LnvFARRAM                   nvFARRAM     0000
__Lnvbit                      nvbit        0000
__Lnvrram                     nvrram       0000
__Lparam                      rparam       0000
__Lpowerup                    powerup      0000
__Lram                        ram          0000
__Lramtop                     ramtop       0600
__Lrbit                       rbit         0000
__Lrbss                       rbss         0000
__Lrdata                      rdata        0000
__Lreset_vec                  reset_vec    0000
__Lrparam                     rparam       0000
__Lsfr                        sfr          0000
__Lsivt_hi                    sivt_hi      0000
__Lsivt_lo                    sivt_lo      0000
__Lsmallconst                 smallconst   0600
__Lspace_0                    (abs)        0000
__Lspace_1                    (abs)        0000
__Lspace_2                    (abs)        0000
__Lspace_4                    (abs)        0000
__Lstack                      stack        0000
__Lstruct                     struct       0000
__Ltemp                       temp         0000
__Ltext                       text         0000
__Ltext0                      text0        0000
__Ltext1                      text1        0000
__Ltext10                     text10       0000
__Ltext11                     text11       0000
__Ltext12                     text12       0000
__Ltext13                     text13       0000
__Ltext14                     text14       0000
__Ltext15                     text15       0000
__Ltext16                     text16       0000
__Ltext17                     text17       0000
__Ltext18                     text18       0000
__Ltext19                     text19       0000
__Ltext2                      text2        0000
__Ltext20                     text20       0000
__Ltext21                     text21       0000
__Ltext22                     text22       0000
__Ltext23                     text23       0000
__Ltext24                     text24       0000
__Ltext25                     text25       0000
__Ltext26                     text26       0000
__Ltext27                     text27       0000
__Ltext28                     text28       0000
__Ltext29                     text29       0000
__Ltext3                      text3        0000
__Ltext30                     text30       0000
__Ltext31                     text31       0000
__Ltext32                     text32       0000
__Ltext33                     text33       0000
__Ltext34                     text34       0000
__Ltext35                     text35       0000
__Ltext36                     text36       0000
__Ltext37                     text37       0000
__Ltext38                     text38       0000
__Ltext39                     text39       0000
__Ltext4                      text4        0000
__Ltext40                     text40       0000
__Ltext41                     text41       0000
__Ltext5                      text5        0000
__Ltext6                      text6        0000
__Ltext7                      text7        0000
__Ltext8                      text8        0000
__Ltext9                      text9        0000
__S0                          (abs)        1DF0
__S1                          (abs)        0120
__S4                          (abs)        0000
__S5                          (abs)        0000
___heap_hi                    (abs)        0000
___heap_lo                    (abs)        0000
___inthi_sp                   stack        0000
___inthi_stack_hi             stack        0000
___inthi_stack_lo             stack        0000
___intlo_sp                   stack        0000
___intlo_stack_hi             stack        0000
___intlo_stack_lo             stack        0000
___param_bank                 (abs)        0000
___rparam_used                (abs)        0001
___sp                         stack        0000
___stack_hi                   stack        0000
___stack_lo                   stack        0000
__accesstop                   (abs)        0060
__activetblptr                (abs)        0002
__end_of_I2C_Init             text39       1DBA
__end_of_I2C_Ready            text37       1D22
__end_of_I2C_Start            text35       1CF4
__end_of_I2C_Stop             text34       1DA6
__end_of_I2C_Write            text36       1D6C
__end_of__initialization      cinit        19C2
__end_of_col1                 text31       1472
__end_of_col2                 text30       139C
__end_of_col3                 text29       12C6
__end_of_col4                 text28       1616
__end_of_col5                 text14       11F0
__end_of_col6                 text13       111A
__end_of_col7                 text12       1044
__end_of_col8                 text11       1544
__end_of_compare              text18       0B24
__end_of_delay                text27       1A7E
__end_of_delay1               text33       1AD0
__end_of_delay2               text38       1A26
__end_of_fputc                text7        18E6
__end_of_initBIOS             text40       1DEE
__end_of_initPinmap           text41       1DCA
__end_of_lcd_cmd              text26       1BA8
__end_of_lcd_data             text32       1BEC
__end_of_lcd_reset            text17       1D8C
__end_of_lock_door            text16       0F6E
__end_of_main                 text0        1DD6
__end_of_motor_forward        text25       1DE8
__end_of_motor_off            text24       1DE2
__end_of_motor_reverse        text23       1DDC
__end_of_putch                text8        1DF0
__end_of_read_from_eeprom     text15       1C64
__end_of_runApp               text1        09AC
__end_of_set_password         text9        0C42
__end_of_sprintf              text4        1C98
__end_of_strchr               text22       1B1C
__end_of_strlen               text21       1CC6
__end_of_strncmp              text20       183C
__end_of_strstr               text19       1786
__end_of_unlock_door          text3        0E62
__end_of_user_validation      text2        0D56
__end_of_vfpfcnvrt            text6        16D0
__end_of_vfprintf             text5        1C2A
__end_of_write_to_eeprom      text10       1B64
__initialization              cinit        196A
__mediumconst                 mediumconst  0000
__pbssBANK1                   bssBANK1     0100
__pbssCOMRAM                  bssCOMRAM    0050
__pcinit                      cinit        196A
__pcstackCOMRAM               cstackCOMRAM 0029
__pdataBANK0                  dataBANK0    0060
__pdataCOMRAM                 dataCOMRAM   0001
__pidataBANK0                 idataBANK0   18E6
__pidataCOMRAM                idataCOMRAM  1D22
__psmallconst                 smallconst   0600
__ptext0                      text0        1DCA
__ptext1                      text1        060C
__ptext10                     text10       1B1C
__ptext11                     text11       1472
__ptext12                     text12       0F6E
__ptext13                     text13       1044
__ptext14                     text14       111A
__ptext15                     text15       1C2A
__ptext16                     text16       0E62
__ptext17                     text17       1D6C
__ptext18                     text18       09AC
__ptext19                     text19       16D0
__ptext2                      text2        0C42
__ptext20                     text20       1786
__ptext21                     text21       1C98
__ptext22                     text22       1AD0
__ptext23                     text23       1DD6
__ptext24                     text24       1DDC
__ptext25                     text25       1DE2
__ptext26                     text26       1B64
__ptext27                     text27       1A26
__ptext28                     text28       1544
__ptext29                     text29       11F0
__ptext3                      text3        0D56
__ptext30                     text30       12C6
__ptext31                     text31       139C
__ptext32                     text32       1BA8
__ptext33                     text33       1A7E
__ptext34                     text34       1D8C
__ptext35                     text35       1CC6
__ptext36                     text36       1D4A
__ptext37                     text37       1CF4
__ptext38                     text38       19CC
__ptext39                     text39       1DA6
__ptext4                      text4        1C64
__ptext40                     text40       1DE8
__ptext41                     text41       1DBA
__ptext5                      text5        1BEC
__ptext6                      text6        1616
__ptext7                      text7        183C
__ptext8                      text8        1DEE
__ptext9                      text9        0B24
__ramtop                      ramtop       0600
__smallconst                  smallconst   0600
_address                      bssCOMRAM    0057
_c                            bssCOMRAM    0058
_ch                           bssCOMRAM    0059
_col1                         text31       139C
_col2                         text30       12C6
_col3                         text29       11F0
_col4                         text28       1544
_col5                         text14       111A
_col6                         text13       1044
_col7                         text12       0F6E
_col8                         text11       1472
_compare                      text18       09AC
_delay                        text27       1A26
_delay1                       text33       1A7E
_delay2                       text38       19CC
_enter_newPass_msg            dataBANK0    008F
_enter_pass_msg               dataBANK0    00AD
_flags                        bssCOMRAM    0056
_fputc                        text7        183C
_i                            bssCOMRAM    0054
_initBIOS                     text40       1DE8
_initPinmap                   text41       1DBA
_lcd_cmd                      text26       1B64
_lcd_data                     text32       1BA8
_lcd_reset                    text17       1D6C
_lock_door                    text16       0E62
_lock_msg                     dataCOMRAM   0019
_main                         text0        1DCA
_motor_forward                text25       1DE2
_motor_off                    text24       1DDC
_motor_reverse                text23       1DD6
_new_pass_set_msg1            dataBANK0    00CB
_new_pass_set_msg2            dataBANK0    0060
_old_password                 bssCOMRAM    005A
_pass_set_msg                 dataCOMRAM   000F
_password_match               dataBANK0    0080
_password_not_match           dataBANK0    0071
_prec                         bssCOMRAM    0052
_putch                        text8        1DEE
_read_from_eeprom             text15       1C2A
_renter_old_password_msg      dataBANK0    009E
_runApp                       text1        060C
_s2                           dataBANK0    00BC
_s3                           dataCOMRAM   0001
_set_passcode                 dataCOMRAM   0020
_set_password                 text9        0B24
_sprintf                      text4        1C64
_strchr                       text22       1AD0
_strlen                       text21       1C98
_strncmp                      text20       1786
_strstr                       text19       16D0
_type_passcode                dataCOMRAM   0024
_unlock_door                  text3        0D56
_unlock_msg                   dataBANK0    00D8
_user_validation              text2        0C42
_vfpfcnvrt                    text6        1616
_vfprintf                     text5        1BEC
_width                        bssCOMRAM    0050
_write_to_eeprom              text10       1B1C
compare@c                     cstackCOMRAM 0036
compare@p                     cstackCOMRAM 0037
delay1@i                      cstackCOMRAM 0029
delay1@j                      cstackCOMRAM 002B
delay2@a                      cstackCOMRAM 0029
delay2@i                      cstackCOMRAM 002B
delay2@j                      cstackCOMRAM 002D
delay@a                       cstackCOMRAM 0029
delay@i                       cstackCOMRAM 002E
delay@j                       cstackCOMRAM 002C
end_of_initialization         cinit        19C2
fputc@c                       cstackCOMRAM 0029
fputc@fp                      cstackCOMRAM 002B
intlevel0                     text         0000
intlevel1                     text         0000
intlevel2                     text         0000
intlevel3                     text         0000
isa$std                       (abs)        0001
isa$xinst                     (abs)        0000
lcd_cmd@data                  cstackCOMRAM 002D
lcd_cmd@data_l                cstackCOMRAM 002E
lcd_cmd@data_u                cstackCOMRAM 002F
lcd_data@data                 cstackCOMRAM 002D
lcd_data@data_l               cstackCOMRAM 002E
lcd_data@data_u               cstackCOMRAM 002F
read_from_eeprom@address      cstackCOMRAM 0029
sprintf@ap                    cstackCOMRAM 0043
sprintf@f                     cstackCOMRAM 0044
sprintf@fmt                   cstackCOMRAM 003A
sprintf@s                     cstackCOMRAM 0039
stackhi                       (abs)        0000
stacklo                       (abs)        0000
start                         init         0000
start_initialization          cinit        196A
strchr@c                      cstackCOMRAM 002B
strchr@s                      cstackCOMRAM 0029
strlen@a                      cstackCOMRAM 002B
strlen@s                      cstackCOMRAM 0029
strncmp@l                     cstackCOMRAM 0029
strncmp@n                     cstackCOMRAM 002C
strncmp@r                     cstackCOMRAM 002B
strstr@h                      cstackCOMRAM 0030
strstr@n                      cstackCOMRAM 0032
strstr@nl                     cstackCOMRAM 0034
user_validation@p             cstackCOMRAM 0038
vfpfcnvrt@ap                  cstackCOMRAM 0033
vfpfcnvrt@c                   cstackCOMRAM 0034
vfpfcnvrt@fmt                 cstackCOMRAM 0032
vfpfcnvrt@fp                  cstackCOMRAM 0031
vfprintf@ap                   cstackCOMRAM 0037
vfprintf@cfmt                 cstackCOMRAM 0038
vfprintf@fmt                  cstackCOMRAM 0036
vfprintf@fp                   cstackCOMRAM 0035
write_to_eeprom@address       cstackCOMRAM 002A
write_to_eeprom@data          cstackCOMRAM 0029


MODULE INFORMATION

Module		Function		Class		Link	Load	Size
APP/I2C_.c
		_delay2        		CODE           	19CC	0000	90
		_I2C_Write     		CODE           	1D4A	0000	34
		_I2C_Stop      		CODE           	1D8C	0000	26
		_I2C_Ready     		CODE           	1CF4	0000	46
		_I2C_Init      		CODE           	1DA6	0000	20
		_I2C_Start     		CODE           	1CC6	0000	46

APP/I2C_.c estimated size: 262

APP/EEPROM.c
		_read_from_eeprom		CODE           	1C2A	0000	58
		_write_to_eeprom		CODE           	1B1C	0000	72

APP/EEPROM.c estimated size: 130

C:\Program Files\Microchip\xc8\v2.46\pic\sources\c99\common\nf_fputc.c
		_fputc         		CODE           	183C	0000	170

C:\Program Files\Microchip\xc8\v2.46\pic\sources\c99\common\nf_fputc.c estimated size: 170

C:\Program Files\Microchip\xc8\v2.46\pic\sources\c99\common\strlen.c
		_strlen        		CODE           	1C98	0000	46

C:\Program Files\Microchip\xc8\v2.46\pic\sources\c99\common\strlen.c estimated size: 46

C:\Program Files\Microchip\xc8\v2.46\pic\sources\c99\common\strncmp.c
		_strncmp       		CODE           	1786	0000	182

C:\Program Files\Microchip\xc8\v2.46\pic\sources\c99\common\strncmp.c estimated size: 182

C:\Program Files\Microchip\xc8\v2.46\pic\sources\c99\common\strchr.c
		_strchr        		CODE           	1AD0	0000	76

C:\Program Files\Microchip\xc8\v2.46\pic\sources\c99\common\strchr.c estimated size: 76

BIOS/bios.c
		_initBIOS      		CODE           	1DE8	0000	6

BIOS/bios.c estimated size: 6

C:\Program Files\Microchip\xc8\v2.46\pic\sources\c99\common\doprnt.c
		_vfpfcnvrt     		CODE           	1616	0000	186
		_vfprintf      		CODE           	1BEC	0000	62

C:\Program Files\Microchip\xc8\v2.46\pic\sources\c99\common\doprnt.c estimated size: 248

C:\Program Files\Microchip\xc8\v2.46\pic\sources\c99\common\nf_sprintf.c
		_sprintf       		CODE           	1C64	0000	52

C:\Program Files\Microchip\xc8\v2.46\pic\sources\c99\common\nf_sprintf.c estimated size: 52

APP/keypad.c
		_col1          		CODE           	139C	0000	214
		_col2          		CODE           	12C6	0000	214
		_col3          		CODE           	11F0	0000	214
		_col4          		CODE           	1544	0000	210
		_col5          		CODE           	111A	0000	214
		_col6          		CODE           	1044	0000	214
		_col7          		CODE           	0F6E	0000	214
		_col8          		CODE           	1472	0000	210

APP/keypad.c estimated size: 1704

APP/app.c
		_unlock_door   		CODE           	0D56	0000	268
		_lock_door     		CODE           	0E62	0000	268
		_user_validation		CODE           	0C42	0000	276
		_compare       		CODE           	09AC	0000	376
		_set_password  		CODE           	0B24	0000	286
		_runApp        		CODE           	060C	0000	928

APP/app.c estimated size: 2402

shared
		__initialization		CODE           	196A	0000	88

shared estimated size: 88

C:\Program Files\Microchip\xc8\v2.46\pic\sources\c99\common\putch.c
		_putch         		CODE           	1DEE	0000	2

C:\Program Files\Microchip\xc8\v2.46\pic\sources\c99\common\putch.c estimated size: 2

APP/l293d.c
		_motor_reverse 		CODE           	1DD6	0000	6
		_motor_forward 		CODE           	1DE2	0000	6
		_motor_off     		CODE           	1DDC	0000	6

APP/l293d.c estimated size: 18

APP/lcd.c
		_delay         		CODE           	1A26	0000	88
		_lcd_cmd       		CODE           	1B64	0000	68
		_lcd_data      		CODE           	1BA8	0000	68
		_lcd_reset     		CODE           	1D6C	0000	32
		_delay1        		CODE           	1A7E	0000	82

APP/lcd.c estimated size: 338

BIOS/pinmap.c
		_initPinmap    		CODE           	1DBA	0000	16

BIOS/pinmap.c estimated size: 16

C:\Program Files\Microchip\xc8\v2.46\pic\sources\c99\common\strstr.c
		_strstr        		CODE           	16D0	0000	182

C:\Program Files\Microchip\xc8\v2.46\pic\sources\c99\common\strstr.c estimated size: 182

main.c
		_main          		CODE           	1DCA	0000	12

main.c estimated size: 12

