Microchip MPLAB XC8 Compiler V2.46

Linker command line:

-W-3 \
  --edf=C:\Program Files\Microchip\xc8\v2.46\pic\dat\20240104201356_en.msgs \
  -cn \
  -h+dist/default/production\Password_Based_Door_Lock_System_I2C_LCD.X_-_Copy.production.sym \
  --cmf=dist/default/production\Password_Based_Door_Lock_System_I2C_LCD.X_-_Copy.production.cmf \
  -z -Q18F4580 -oC:\Users\Dell\AppData\Local\Temp\xcAs6jo.\driver_tmp_3.o \
  --defsym=__MPLAB_BUILD=1 --fixupoverflow=error \
  -Mdist/default/production/Password_Based_Door_Lock_System_I2C_LCD.X_-_Copy.production.map \
  --md=C:\Users\Dell\AppData\Local\Temp\xcAs6jo.\driver_tmp_0.dat -E1 \
  -ver=XC8 Compiler --acfsm=1493 -ACODE=00h-07FFFh -ACONST=00h-07FFFh \
  -ASMALLCONST=0600h-06FFhx122 -AMEDIUMCONST=0600h-07FFFh -ACOMRAM=01h-05Fh \
  -AABS1=00h-05FFh -ABIGRAM=01h-05FFh -ARAM=060h-0FFh,0100h-01FFhx5 \
  -ABANK0=060h-0FFh -ABANK1=0100h-01FFh -ABANK2=0200h-02FFh \
  -ABANK3=0300h-03FFh -ABANK4=0400h-04FFh -ABANK5=0500h-05FFh \
  -ASFR=0D00h-0DFFhx2,0F00h-0F5Fh,0F60h-0FFFh -ABIGSFR=0D00h-0FFFh \
  -ACONFIG=0300000h-030000Dh -AIDLOC=0200000h-0200007h \
  -AEEDATA=0F00000h-0F000FFh -peeprom_data=EEDATA \
  -preset_vec=00h,intcode,sivt_hi,intcodelo,sivt_lo,powerup,init \
  -pramtop=0600h -psmallconst=SMALLCONST -pmediumconst=MEDIUMCONST \
  -pconst=CONST -AFARRAM=00h-00h \
  -prdata=COMRAM,nvrram=COMRAM,nvbit=COMRAM,rbss=COMRAM,rbit=COMRAM \
  -pfarbss=FARRAM,fardata=FARRAM,nvFARRAM=FARRAM \
  -pintsave_regs=BIGRAM,bigbss=BIGRAM,bigdata=BIGRAM -pbss=RAM \
  -pidata=CODE,irdata=CODE,ibigdata=CODE,ifardata=CODE -prparam=COMRAM \
  C:\Users\Dell\AppData\Local\Temp\xcAs6jo.\driver_tmp_14.o \
  dist/default/production\Password_Based_Door_Lock_System_I2C_LCD.X_-_Copy.production.o 

Object code version is 3.11

Machine type is 18F4580



                Name                               Link     Load   Length Selector   Space Scale
C:\Users\Dell\AppData\Local\Temp\xcAs6jo.\driver_tmp_14.o
                init                                  0        0        4        0       0
dist/default/production\Password_Based_Door_Lock_System_I2C_LCD.X_-_Copy.production.o
                smallconst                          600      600        C      300       0
                text42                             21BA     21BA       14     10B6       0
                text41                             21F2     21F2        6     10B6       0
                text40                             21A6     21A6       14     10B6       0
                text39                             20DA     20DA       2E      306       0
                text38                             2108     2108       22      306       0
                text37                             20AC     20AC       2E      306       0
                text36                             218C     218C       1A     10B6       0
                text35                             1E64     1E64       52      306       0
                text34                             1F8E     1F8E       44      306       0
                text33                             14D8     14D8       D6      306       0
                text32                             1402     1402       D6      306       0
                text31                             132C     132C       D6      306       0
                text30                             18F6     18F6       D2      306       0
                text29                             1F4A     1F4A       44      306       0
                text28                             1EB6     1EB6       4C      306       0
                text27                             207E     207E       2E      306       0
                text26                             1B38     1B38       B6      306       0
                text25                             1A82     1A82       B6      306       0
                text24                             1000     1000      114      306       0
                text23                             1DB2     1DB2       5A      306       0
                text22                             1E0C     1E0C       58      306       0
                text21                             216C     216C       20     10B6       0
                text20                             21EA     21EA        8     10B6       0
                text19                             21E2     21E2        8     10B6       0
                text18                             21DA     21DA        8     10B6       0
                text17                              AE8      AE8      2E6      306       0
                text16                             1220     1220      10C      306       0
                text15                             2010     2010       3A      306       0
                text14                             1824     1824       D2      306       0
                text13                             1752     1752       D2      306       0
                text12                             1680     1680       D2      306       0
                text11                             15AE     15AE       D2      306       0
                text10                             1F02     1F02       48      306       0
                text9                               DCE      DCE      11E      306       0
                text8                              21F8     21F8        2     10B6       0
                text7                              1BEE     1BEE       AA      306       0
                text6                              19C8     19C8       BA      306       0
                text5                              1FD2     1FD2       3E      306       0
                text4                              204A     204A       34      306       0
                text3                              1114     1114      10C      306       0
                text2                               EEC      EEC      114      306       0
                text1                               60C      60C      4DC      306       0
                text0                              21CE     21CE        C     10B6       0
                cstackCOMRAM                          1        1       27        1       1
                dataBANK1                           120      120       20      100       1
                bssBANK1                            100      100       20      100       1
                dataBANK0                            60       60       98       60       1
                dataCOMRAM                           28       28       21        1       1
                bssCOMRAM                            49       49       14        1       1
                cinit                              1D30     1D30       82      306       0
                idataBANK1                         214B     214B       20      306       0
                idataBANK0                         1C98     1C98       98      306       0
                idataCOMRAM                        212A     212A       21      306       0

TOTAL           Name                               Link     Load   Length     Space
        CLASS   CODE           
                init                                  0        0        4         0
                text42                             21BA     21BA       14         0
                text41                             21F2     21F2        6         0
                text40                             21A6     21A6       14         0
                text39                             20DA     20DA       2E         0
                text38                             2108     2108       22         0
                text37                             20AC     20AC       2E         0
                text36                             218C     218C       1A         0
                text35                             1E64     1E64       52         0
                text34                             1F8E     1F8E       44         0
                text33                             14D8     14D8       D6         0
                text32                             1402     1402       D6         0
                text31                             132C     132C       D6         0
                text30                             18F6     18F6       D2         0
                text29                             1F4A     1F4A       44         0
                text28                             1EB6     1EB6       4C         0
                text27                             207E     207E       2E         0
                text26                             1B38     1B38       B6         0
                text25                             1A82     1A82       B6         0
                text24                             1000     1000      114         0
                text23                             1DB2     1DB2       5A         0
                text22                             1E0C     1E0C       58         0
                text21                             216C     216C       20         0
                text20                             21EA     21EA        8         0
                text19                             21E2     21E2        8         0
                text18                             21DA     21DA        8         0
                text17                              AE8      AE8      2E6         0
                text16                             1220     1220      10C         0
                text15                             2010     2010       3A         0
                text14                             1824     1824       D2         0
                text13                             1752     1752       D2         0
                text12                             1680     1680       D2         0
                text11                             15AE     15AE       D2         0
                text10                             1F02     1F02       48         0
                text9                               DCE      DCE      11E         0
                text8                              21F8     21F8        2         0
                text7                              1BEE     1BEE       AA         0
                text6                              19C8     19C8       BA         0
                text5                              1FD2     1FD2       3E         0
                text4                              204A     204A       34         0
                text3                              1114     1114      10C         0
                text2                               EEC      EEC      114         0
                text1                               60C      60C      4DC         0
                text0                              21CE     21CE        C         0
                cinit                              1D30     1D30       82         0
                idataBANK1                         214B     214B       20         0
                idataBANK0                         1C98     1C98       98         0
                idataCOMRAM                        212A     212A       21         0

        CLASS   CONST          

        CLASS   SMALLCONST     
                smallconst                          600      600        C         0

        CLASS   MEDIUMCONST    

        CLASS   COMRAM         
                cstackCOMRAM                          1        1       27         1
                dataCOMRAM                           28       28       21         1
                bssCOMRAM                            49       49       14         1

        CLASS   ABS1           

        CLASS   BIGRAM         

        CLASS   RAM            

        CLASS   BANK0          
                dataBANK0                            60       60       98         1

        CLASS   BANK1          
                dataBANK1                           120      120       20         1
                bssBANK1                            100      100       20         1

        CLASS   BANK2          

        CLASS   BANK3          

        CLASS   BANK4          

        CLASS   BANK5          

        CLASS   SFR            

        CLASS   BIGSFR         

        CLASS   CONFIG         

        CLASS   IDLOC          

        CLASS   EEDATA         

        CLASS   FARRAM         

        CLASS   HEAP           

        CLASS   STACK          



SEGMENTS        Name                           Load    Length   Top    Selector   Space  Class

                reset_vec                      000000  000004  000004         0       0  CODE    
                cstackCOMRAM                   000001  00005C  00005D         1       1  COMRAM  
                dataBANK0                      000060  000098  0000F8        60       1  BANK0   
                bssBANK1                       000100  000040  000140       100       1  BANK1   
                smallconst                     000600  00000C  00060C       300       0  SMALLCON
                text1                          00060C  001B5F  00216B       306       0  CODE    
                text21                         00216C  00008E  0021FA      10B6       0  CODE    


UNUSED ADDRESS RANGES

        Name                Unused          Largest block    Delta
        BANK0            00F8-00FF              8
        BANK1            0140-01FF             C0
        BANK2            0200-02FF            100
        BANK3            0300-03FF            100
        BANK4            0400-04FF            100
        BANK5            0500-05FF            100
        BIGRAM           005D-005F              3
                         00F8-00FF              8
                         0140-05FF            4C0
        BIGSFR           0D00-0FFF            300
        CODE             0004-05FF            5FC
                         216B-216B              1
                         21FA-7FFF           5E06
        COMRAM           005D-005F              3
        CONFIG           300000-30000D              E
        CONST            0004-05FF            5FC
                         216B-216B              1
                         21FA-7FFF           5E06
        EEDATA           F00000-F000FF            100
        IDLOC            200000-200007              8
        MEDIUMCONST      216B-216B              1
                         21FA-7FFF           5E06
        RAM              00F8-00FF              8
                         0140-05FF            100
        SFR              0D00-0FFF            100
        SMALLCONST       216B-216B              1
                         21FA-7FFF            100

                                  Symbol Table

?_admin_validation            cstackCOMRAM 000E
?_sprintf                     cstackCOMRAM 0011
?_strchr                      cstackCOMRAM 0001
?_strlen                      cstackCOMRAM 0001
?_strncmp                     cstackCOMRAM 0001
?_strstr                      cstackCOMRAM 0008
?_user_validation             cstackCOMRAM 000E
?_vfprintf                    cstackCOMRAM 000D
I2C_Start@slave_write_address cstackCOMRAM 0002
I2C_Write@data                cstackCOMRAM 0001
_ADCON1                       (abs)        0FC1
_EEADR                        (abs)        0FA9
_EECON1bits                   (abs)        0FA6
_EECON2                       (abs)        0FA7
_EEDATA                       (abs)        0FA8
_I2C_Init                     text40       21A6
_I2C_Ready                    text39       20DA
_I2C_Start                    text37       20AC
_I2C_Stop                     text36       218C
_I2C_Write                    text38       2108
_INTCON2bits                  (abs)        0FF1
_PIR1bits                     (abs)        0F9E
_PIR2bits                     (abs)        0FA1
_PORTAbits                    (abs)        0F80
_PORTBbits                    (abs)        0F81
_PORTDbits                    (abs)        0F83
_SSPADD                       (abs)        0FC8
_SSPBUF                       (abs)        0FC9
_SSPCON1                      (abs)        0FC6
_SSPCON2                      (abs)        0FC5
_SSPCON2bits                  (abs)        0FC5
_SSPSTAT                      (abs)        0FC7
_SSPSTATbits                  (abs)        0FC7
_TRISA                        (abs)        0F92
_TRISB                        (abs)        0F93
_TRISD                        (abs)        0F95
__HRAM                        (abs)        0000
__H__absolute__               __absolute__ 0000
__Habs1                       abs1         0000
__Hbank0                      bank0        0000
__Hbank1                      bank1        0000
__Hbank2                      bank2        0000
__Hbank3                      bank3        0000
__Hbank4                      bank4        0000
__Hbank5                      bank5        0000
__Hbigbss                     bigbss       0000
__Hbigdata                    bigdata      0000
__Hbigram                     bigram       0000
__Hbigsfr                     bigsfr       0000
__Hbss                        bss          0000
__HbssBANK1                   bssBANK1     0000
__HbssCOMRAM                  bssCOMRAM    0000
__Hcinit                      cinit        0000
__Hclrtext                    clrtext      0000
__Hcomram                     comram       0000
__Hconfig                     config       0000
__Hconst                      const        0000
__HcstackCOMRAM               cstackCOMRAM 0000
__Hdata                       data         0000
__HdataBANK0                  dataBANK0    0000
__HdataBANK1                  dataBANK1    0000
__HdataCOMRAM                 dataCOMRAM   0000
__Heeprom_data                eeprom_data  0000
__Hfarbss                     farbss       0000
__Hfardata                    fardata      0000
__Hheap                       heap         0000
__Hibigdata                   ibigdata     0000
__Hidata                      idata        0000
__HidataBANK0                 idataBANK0   0000
__HidataBANK1                 idataBANK1   0000
__HidataCOMRAM                idataCOMRAM  0000
__Hidloc                      idloc        0000
__Hifardata                   ifardata     0000
__Hinit                       init         0004
__Hintcode                    intcode      0000
__Hintcode_body               intcode_body 0000
__Hintcodelo                  intcodelo    0000
__Hintentry                   intentry     0000
__Hintret                     intret       0000
__Hintsave_regs               intsave_regs 0000
__Hirdata                     irdata       0000
__Hmediumconst                mediumconst  0000
__HnvFARRAM                   nvFARRAM     0000
__Hnvbit                      nvbit        0000
__Hnvrram                     nvrram       0000
__Hparam                      rparam       0000
__Hpowerup                    powerup      0000
__Hram                        ram          0000
__Hramtop                     ramtop       0600
__Hrbit                       rbit         0000
__Hrbss                       rbss         0000
__Hrdata                      rdata        0000
__Hreset_vec                  reset_vec    0000
__Hrparam                     rparam       0000
__Hsfr                        sfr          0000
__Hsivt_hi                    sivt_hi      0000
__Hsivt_lo                    sivt_lo      0000
__Hsmallconst                 smallconst   060C
__Hspace_0                    (abs)        21FA
__Hspace_1                    (abs)        0140
__Hspace_2                    (abs)        0000
__Hspace_4                    (abs)        0000
__Hstack                      stack        0000
__Hstruct                     struct       0000
__Htemp                       temp         0000
__Htext                       text         0000
__Htext0                      text0        0000
__Htext1                      text1        0000
__Htext10                     text10       0000
__Htext11                     text11       0000
__Htext12                     text12       0000
__Htext13                     text13       0000
__Htext14                     text14       0000
__Htext15                     text15       0000
__Htext16                     text16       0000
__Htext17                     text17       0000
__Htext18                     text18       0000
__Htext19                     text19       0000
__Htext2                      text2        0000
__Htext20                     text20       0000
__Htext21                     text21       0000
__Htext22                     text22       0000
__Htext23                     text23       0000
__Htext24                     text24       0000
__Htext25                     text25       0000
__Htext26                     text26       0000
__Htext27                     text27       0000
__Htext28                     text28       0000
__Htext29                     text29       0000
__Htext3                      text3        0000
__Htext30                     text30       0000
__Htext31                     text31       0000
__Htext32                     text32       0000
__Htext33                     text33       0000
__Htext34                     text34       0000
__Htext35                     text35       0000
__Htext36                     text36       0000
__Htext37                     text37       0000
__Htext38                     text38       0000
__Htext39                     text39       0000
__Htext4                      text4        0000
__Htext40                     text40       0000
__Htext41                     text41       0000
__Htext42                     text42       0000
__Htext5                      text5        0000
__Htext6                      text6        0000
__Htext7                      text7        0000
__Htext8                      text8        0000
__Htext9                      text9        0000
__LRAM                        (abs)        0001
__L__absolute__               __absolute__ 0000
__Labs1                       abs1         0000
__Lbank0                      bank0        0000
__Lbank1                      bank1        0000
__Lbank2                      bank2        0000
__Lbank3                      bank3        0000
__Lbank4                      bank4        0000
__Lbank5                      bank5        0000
__Lbigbss                     bigbss       0000
__Lbigdata                    bigdata      0000
__Lbigram                     bigram       0000
__Lbigsfr                     bigsfr       0000
__Lbss                        bss          0000
__LbssBANK1                   bssBANK1     0000
__LbssCOMRAM                  bssCOMRAM    0000
__Lcinit                      cinit        0000
__Lclrtext                    clrtext      0000
__Lcomram                     comram       0000
__Lconfig                     config       0000
__Lconst                      const        0000
__LcstackCOMRAM               cstackCOMRAM 0000
__Ldata                       data         0000
__LdataBANK0                  dataBANK0    0000
__LdataBANK1                  dataBANK1    0000
__LdataCOMRAM                 dataCOMRAM   0000
__Leeprom_data                eeprom_data  0000
__Lfarbss                     farbss       0000
__Lfardata                    fardata      0000
__Lheap                       heap         0000
__Libigdata                   ibigdata     0000
__Lidata                      idata        0000
__LidataBANK0                 idataBANK0   0000
__LidataBANK1                 idataBANK1   0000
__LidataCOMRAM                idataCOMRAM  0000
__Lidloc                      idloc        0000
__Lifardata                   ifardata     0000
__Linit                       init         0000
__Lintcode                    intcode      0000
__Lintcode_body               intcode_body 0000
__Lintcodelo                  intcodelo    0000
__Lintentry                   intentry     0000
__Lintret                     intret       0000
__Lintsave_regs               intsave_regs 0000
__Lirdata                     irdata       0000
__Lmediumconst                mediumconst  0000
__LnvFARRAM                   nvFARRAM     0000
__Lnvbit                      nvbit        0000
__Lnvrram                     nvrram       0000
__Lparam                      rparam       0000
__Lpowerup                    powerup      0000
__Lram                        ram          0000
__Lramtop                     ramtop       0600
__Lrbit                       rbit         0000
__Lrbss                       rbss         0000
__Lrdata                      rdata        0000
__Lreset_vec                  reset_vec    0000
__Lrparam                     rparam       0000
__Lsfr                        sfr          0000
__Lsivt_hi                    sivt_hi      0000
__Lsivt_lo                    sivt_lo      0000
__Lsmallconst                 smallconst   0600
__Lspace_0                    (abs)        0000
__Lspace_1                    (abs)        0000
__Lspace_2                    (abs)        0000
__Lspace_4                    (abs)        0000
__Lstack                      stack        0000
__Lstruct                     struct       0000
__Ltemp                       temp         0000
__Ltext                       text         0000
__Ltext0                      text0        0000
__Ltext1                      text1        0000
__Ltext10                     text10       0000
__Ltext11                     text11       0000
__Ltext12                     text12       0000
__Ltext13                     text13       0000
__Ltext14                     text14       0000
__Ltext15                     text15       0000
__Ltext16                     text16       0000
__Ltext17                     text17       0000
__Ltext18                     text18       0000
__Ltext19                     text19       0000
__Ltext2                      text2        0000
__Ltext20                     text20       0000
__Ltext21                     text21       0000
__Ltext22                     text22       0000
__Ltext23                     text23       0000
__Ltext24                     text24       0000
__Ltext25                     text25       0000
__Ltext26                     text26       0000
__Ltext27                     text27       0000
__Ltext28                     text28       0000
__Ltext29                     text29       0000
__Ltext3                      text3        0000
__Ltext30                     text30       0000
__Ltext31                     text31       0000
__Ltext32                     text32       0000
__Ltext33                     text33       0000
__Ltext34                     text34       0000
__Ltext35                     text35       0000
__Ltext36                     text36       0000
__Ltext37                     text37       0000
__Ltext38                     text38       0000
__Ltext39                     text39       0000
__Ltext4                      text4        0000
__Ltext40                     text40       0000
__Ltext41                     text41       0000
__Ltext42                     text42       0000
__Ltext5                      text5        0000
__Ltext6                      text6        0000
__Ltext7                      text7        0000
__Ltext8                      text8        0000
__Ltext9                      text9        0000
__S0                          (abs)        21FA
__S1                          (abs)        0140
__S4                          (abs)        0000
__S5                          (abs)        0000
___heap_hi                    (abs)        0000
___heap_lo                    (abs)        0000
___inthi_sp                   stack        0000
___inthi_stack_hi             stack        0000
___inthi_stack_lo             stack        0000
___intlo_sp                   stack        0000
___intlo_stack_hi             stack        0000
___intlo_stack_lo             stack        0000
___param_bank                 (abs)        0000
___rparam_used                (abs)        0001
___sp                         stack        0000
___stack_hi                   stack        0000
___stack_lo                   stack        0000
__accesstop                   (abs)        0060
__activetblptr                (abs)        0002
__end_of_I2C_Init             text40       21BA
__end_of_I2C_Ready            text39       2108
__end_of_I2C_Start            text37       20DA
__end_of_I2C_Stop             text36       21A6
__end_of_I2C_Write            text38       212A
__end_of__initialization      cinit        1DA8
__end_of_admin_validation     text24       1114
__end_of_col1                 text33       15AE
__end_of_col2                 text32       14D8
__end_of_col3                 text31       1402
__end_of_col4                 text30       19C8
__end_of_col5                 text14       18F6
__end_of_col6                 text13       1824
__end_of_col7                 text12       1752
__end_of_col8                 text11       1680
__end_of_compare              text17       0DCE
__end_of_delay                text22       1E64
__end_of_delay1               text35       1EB6
__end_of_delay2               text23       1E0C
__end_of_fputc                text7        1C98
__end_of_initBIOS             text41       21F8
__end_of_initPinmap           text42       21CE
__end_of_lcd_cmd              text29       1F8E
__end_of_lcd_data             text34       1FD2
__end_of_lcd_reset            text21       218C
__end_of_lock_door            text16       132C
__end_of_main                 text0        21DA
__end_of_motor_forward        text20       21F2
__end_of_motor_off            text19       21EA
__end_of_motor_reverse        text18       21E2
__end_of_putch                text8        21FA
__end_of_read_from_eeprom     text15       204A
__end_of_runApp               text1        0AE8
__end_of_set_user_password    text9        0EEC
__end_of_sprintf              text4        207E
__end_of_strchr               text28       1F02
__end_of_strlen               text27       20AC
__end_of_strncmp              text26       1BEE
__end_of_strstr               text25       1B38
__end_of_unlock_door          text3        1220
__end_of_user_validation      text2        1000
__end_of_vfpfcnvrt            text6        1A82
__end_of_vfprintf             text5        2010
__end_of_write_to_eeprom      text10       1F4A
__initialization              cinit        1D30
__mediumconst                 mediumconst  0000
__pbssBANK1                   bssBANK1     0100
__pbssCOMRAM                  bssCOMRAM    0049
__pcinit                      cinit        1D30
__pcstackCOMRAM               cstackCOMRAM 0001
__pdataBANK0                  dataBANK0    0060
__pdataBANK1                  dataBANK1    0120
__pdataCOMRAM                 dataCOMRAM   0028
__pidataBANK0                 idataBANK0   1C98
__pidataBANK1                 idataBANK1   214B
__pidataCOMRAM                idataCOMRAM  212A
__psmallconst                 smallconst   0600
__ptext0                      text0        21CE
__ptext1                      text1        060C
__ptext10                     text10       1F02
__ptext11                     text11       15AE
__ptext12                     text12       1680
__ptext13                     text13       1752
__ptext14                     text14       1824
__ptext15                     text15       2010
__ptext16                     text16       1220
__ptext17                     text17       0AE8
__ptext18                     text18       21DA
__ptext19                     text19       21E2
__ptext2                      text2        0EEC
__ptext20                     text20       21EA
__ptext21                     text21       216C
__ptext22                     text22       1E0C
__ptext23                     text23       1DB2
__ptext24                     text24       1000
__ptext25                     text25       1A82
__ptext26                     text26       1B38
__ptext27                     text27       207E
__ptext28                     text28       1EB6
__ptext29                     text29       1F4A
__ptext3                      text3        1114
__ptext30                     text30       18F6
__ptext31                     text31       132C
__ptext32                     text32       1402
__ptext33                     text33       14D8
__ptext34                     text34       1F8E
__ptext35                     text35       1E64
__ptext36                     text36       218C
__ptext37                     text37       20AC
__ptext38                     text38       2108
__ptext39                     text39       20DA
__ptext4                      text4        204A
__ptext40                     text40       21A6
__ptext41                     text41       21F2
__ptext42                     text42       21BA
__ptext5                      text5        1FD2
__ptext6                      text6        19C8
__ptext7                      text7        1BEE
__ptext8                      text8        21F8
__ptext9                      text9        0DCE
__ramtop                      ramtop       0600
__smallconst                  smallconst   0600
_address                      bssCOMRAM    0052
_admin_passcode               dataCOMRAM   0040
_admin_password               bssCOMRAM    0055
_admin_password_msg           dataBANK0    009C
_admin_validation             text24       1000
_c                            bssCOMRAM    0053
_ch                           bssCOMRAM    0054
_col1                         text33       14D8
_col2                         text32       1402
_col3                         text31       132C
_col4                         text30       18F6
_col5                         text14       1824
_col6                         text13       1752
_col7                         text12       1680
_col8                         text11       15AE
_compare                      text17       0AE8
_delay                        text22       1E0C
_delay1                       text35       1E64
_delay2                       text23       1DB2
_enter_pass_msg               dataBANK0    008D
_enter_user_Pass_msg          dataBANK0    006F
_flags                        bssCOMRAM    0051
_fputc                        text7        1BEE
_i                            bssCOMRAM    004F
_initBIOS                     text41       21F2
_initPinmap                   text42       21BA
_lcd_cmd                      text29       1F4A
_lcd_data                     text34       1F8E
_lcd_reset                    text21       216C
_lock_door                    text16       1220
_lock_msg                     dataCOMRAM   0031
_main                         text0        21CE
_motor_forward                text20       21EA
_motor_off                    text19       21E2
_motor_reverse                text18       21DA
_new_pass_set_msg1            dataBANK0    00C8
_new_pass_set_msg2            dataBANK1    0120
_new_user_passcode            dataCOMRAM   003C
_old_user_password            bssCOMRAM    0059
_pass_set_msg                 dataBANK0    00D5
_password_match               dataBANK1    0131
_password_not_match           dataBANK0    0060
_prec                         bssCOMRAM    004B
_putch                        text8        21F8
_read_from_eeprom             text15       2010
_renter_old_password_msg      dataBANK0    007E
_runApp                       text1        060C
_s2                           dataBANK0    00AB
_s3                           dataBANK0    00BA
_set_user_passcode            dataCOMRAM   0038
_set_user_password            text9        0DCE
_sprintf                      text4        204A
_strchr                       text28       1EB6
_strlen                       text27       207E
_strncmp                      text26       1B38
_strstr                       text25       1A82
_type_passcode                dataCOMRAM   0044
_unlock_door                  text3        1114
_unlock_msg                   dataBANK0    00E2
_user_validation              text2        0EEC
_vfpfcnvrt                    text6        19C8
_vfprintf                     text5        1FD2
_wait1                        dataCOMRAM   0028
_wait2                        dataBANK0    00ED
_width                        bssCOMRAM    0049
_write_to_eeprom              text10       1F02
admin_validation@adminP       cstackCOMRAM 000E
admin_validation@p            cstackCOMRAM 0010
compare@c                     cstackCOMRAM 000E
compare@count                 bssCOMRAM    004D
compare@j                     cstackCOMRAM 000F
compare@k                     cstackCOMRAM 0011
compare@p                     cstackCOMRAM 0013
delay1@i                      cstackCOMRAM 0001
delay1@j                      cstackCOMRAM 0003
delay2@a                      cstackCOMRAM 0001
delay2@i                      cstackCOMRAM 0003
delay2@j                      cstackCOMRAM 0005
delay@a                       cstackCOMRAM 0001
delay@i                       cstackCOMRAM 0006
delay@j                       cstackCOMRAM 0004
end_of_initialization         cinit        1DA8
fputc@c                       cstackCOMRAM 0001
fputc@fp                      cstackCOMRAM 0003
intlevel0                     text         0000
intlevel1                     text         0000
intlevel2                     text         0000
intlevel3                     text         0000
isa$std                       (abs)        0001
isa$xinst                     (abs)        0000
lcd_cmd@data                  cstackCOMRAM 0005
lcd_cmd@data_l                cstackCOMRAM 0006
lcd_cmd@data_u                cstackCOMRAM 0007
lcd_data@data                 cstackCOMRAM 0005
lcd_data@data_l               cstackCOMRAM 0006
lcd_data@data_u               cstackCOMRAM 0007
read_from_eeprom@address      cstackCOMRAM 0001
sprintf@ap                    cstackCOMRAM 001B
sprintf@f                     cstackCOMRAM 001C
sprintf@fmt                   cstackCOMRAM 0012
sprintf@s                     cstackCOMRAM 0011
stackhi                       (abs)        0000
stacklo                       (abs)        0000
start                         init         0000
start_initialization          cinit        1D30
strchr@c                      cstackCOMRAM 0003
strchr@s                      cstackCOMRAM 0001
strlen@a                      cstackCOMRAM 0003
strlen@s                      cstackCOMRAM 0001
strncmp@l                     cstackCOMRAM 0001
strncmp@n                     cstackCOMRAM 0004
strncmp@r                     cstackCOMRAM 0003
strstr@h                      cstackCOMRAM 0008
strstr@n                      cstackCOMRAM 000A
strstr@nl                     cstackCOMRAM 000C
user_validation@q             cstackCOMRAM 0010
vfpfcnvrt@ap                  cstackCOMRAM 000B
vfpfcnvrt@c                   cstackCOMRAM 000C
vfpfcnvrt@fmt                 cstackCOMRAM 000A
vfpfcnvrt@fp                  cstackCOMRAM 0009
vfprintf@ap                   cstackCOMRAM 000F
vfprintf@cfmt                 cstackCOMRAM 0010
vfprintf@fmt                  cstackCOMRAM 000E
vfprintf@fp                   cstackCOMRAM 000D
write_to_eeprom@address       cstackCOMRAM 0002
write_to_eeprom@data          cstackCOMRAM 0001


MODULE INFORMATION

Module		Function		Class		Link	Load	Size
APP/I2C_.c
		_delay2        		CODE           	1DB2	0000	90
		_I2C_Write     		CODE           	2108	0000	34
		_I2C_Stop      		CODE           	218C	0000	26
		_I2C_Ready     		CODE           	20DA	0000	46
		_I2C_Init      		CODE           	21A6	0000	20
		_I2C_Start     		CODE           	20AC	0000	46

APP/I2C_.c estimated size: 262

APP/EEPROM.c
		_read_from_eeprom		CODE           	2010	0000	58
		_write_to_eeprom		CODE           	1F02	0000	72

APP/EEPROM.c estimated size: 130

C:\Program Files\Microchip\xc8\v2.46\pic\sources\c99\common\nf_fputc.c
		_fputc         		CODE           	1BEE	0000	170

C:\Program Files\Microchip\xc8\v2.46\pic\sources\c99\common\nf_fputc.c estimated size: 170

C:\Program Files\Microchip\xc8\v2.46\pic\sources\c99\common\strlen.c
		_strlen        		CODE           	207E	0000	46

C:\Program Files\Microchip\xc8\v2.46\pic\sources\c99\common\strlen.c estimated size: 46

C:\Program Files\Microchip\xc8\v2.46\pic\sources\c99\common\strncmp.c
		_strncmp       		CODE           	1B38	0000	182

C:\Program Files\Microchip\xc8\v2.46\pic\sources\c99\common\strncmp.c estimated size: 182

C:\Program Files\Microchip\xc8\v2.46\pic\sources\c99\common\strchr.c
		_strchr        		CODE           	1EB6	0000	76

C:\Program Files\Microchip\xc8\v2.46\pic\sources\c99\common\strchr.c estimated size: 76

BIOS/bios.c
		_initBIOS      		CODE           	21F2	0000	6

BIOS/bios.c estimated size: 6

C:\Program Files\Microchip\xc8\v2.46\pic\sources\c99\common\doprnt.c
		_vfpfcnvrt     		CODE           	19C8	0000	186
		_vfprintf      		CODE           	1FD2	0000	62

C:\Program Files\Microchip\xc8\v2.46\pic\sources\c99\common\doprnt.c estimated size: 248

C:\Program Files\Microchip\xc8\v2.46\pic\sources\c99\common\nf_sprintf.c
		_sprintf       		CODE           	204A	0000	52

C:\Program Files\Microchip\xc8\v2.46\pic\sources\c99\common\nf_sprintf.c estimated size: 52

APP/keypad.c
		_col1          		CODE           	14D8	0000	214
		_col2          		CODE           	1402	0000	214
		_col3          		CODE           	132C	0000	214
		_col4          		CODE           	18F6	0000	210
		_col5          		CODE           	1824	0000	210
		_col6          		CODE           	1752	0000	210
		_col7          		CODE           	1680	0000	210
		_col8          		CODE           	15AE	0000	210

APP/keypad.c estimated size: 1692

APP/app.c
		_set_user_password		CODE           	0DCE	0000	286
		_unlock_door   		CODE           	1114	0000	268
		_lock_door     		CODE           	1220	0000	268
		_user_validation		CODE           	0EEC	0000	276
		_compare       		CODE           	0AE8	0000	742
		_runApp        		CODE           	060C	0000	1244
		_admin_validation		CODE           	1000	0000	276

APP/app.c estimated size: 3360

shared
		__initialization		CODE           	1D30	0000	120

shared estimated size: 120

C:\Program Files\Microchip\xc8\v2.46\pic\sources\c99\common\putch.c
		_putch         		CODE           	21F8	0000	2

C:\Program Files\Microchip\xc8\v2.46\pic\sources\c99\common\putch.c estimated size: 2

APP/l293d.c
		_motor_reverse 		CODE           	21DA	0000	8
		_motor_forward 		CODE           	21EA	0000	8
		_motor_off     		CODE           	21E2	0000	8

APP/l293d.c estimated size: 24

APP/lcd.c
		_delay         		CODE           	1E0C	0000	88
		_lcd_cmd       		CODE           	1F4A	0000	68
		_lcd_data      		CODE           	1F8E	0000	68
		_lcd_reset     		CODE           	216C	0000	32
		_delay1        		CODE           	1E64	0000	82

APP/lcd.c estimated size: 338

BIOS/pinmap.c
		_initPinmap    		CODE           	21BA	0000	20

BIOS/pinmap.c estimated size: 20

C:\Program Files\Microchip\xc8\v2.46\pic\sources\c99\common\strstr.c
		_strstr        		CODE           	1A82	0000	182

C:\Program Files\Microchip\xc8\v2.46\pic\sources\c99\common\strstr.c estimated size: 182

main.c
		_main          		CODE           	21CE	0000	12

main.c estimated size: 12

